Component: ARM Compiler 5.06 update 4 (build 422) Tool: armlink [4d35d2]

==============================================================================

Section Cross References

    mian.o(i.main) refers to misc.o(i.NVIC_SetVectorTable) for NVIC_SetVectorTable
    mian.o(i.main) refers to usart1.o(i.USART1_init) for USART1_init
    mian.o(i.main) refers to usart1.o(i.LOG) for LOG
    mian.o(i.main) refers to flash.o(i.read_falsh_halfword) for read_falsh_halfword
    mian.o(i.main) refers to iap.o(i.start_app) for start_app
    mian.o(i.main) refers to iap.o(i.rece_ack) for rece_ack
    mian.o(i.main) refers to iap.o(i.listener_USART1_data) for listener_USART1_data
    utils.o(i.code_check) refers to utils.o(i.calc_code_sum) for calc_code_sum
    iap.o(i.IAP_RESET) refers to flash.o(i.write_flash_short_data) for write_flash_short_data
    iap.o(i.IAP_RESET) refers to iap.o(i.rece_ack) for rece_ack
    iap.o(i.IAP_RESET) refers to iap.o(.data) for start_addr
    iap.o(i.listener_USART1_data) refers to usart1.o(i.get_USART1_rece_complete) for get_USART1_rece_complete
    iap.o(i.listener_USART1_data) refers to usart1.o(i.get_file_download_complete) for get_file_download_complete
    iap.o(i.listener_USART1_data) refers to iap.o(i.wirte_flash) for wirte_flash
    iap.o(i.listener_USART1_data) refers to iap.o(i.start_app) for start_app
    iap.o(i.rece_ack) refers to usart1.o(i.send_data) for send_data
    iap.o(i.start_IAP) refers to flash.o(i.write_flash_short_data) for write_flash_short_data
    iap.o(i.start_IAP) refers to iap.o(.data) for Jump_To_Application
    iap.o(i.start_app) refers to flash.o(i.write_flash_short_data) for write_flash_short_data
    iap.o(i.start_app) refers to iap.o(.data) for Jump_To_Application
    iap.o(i.wirte_flash) refers to usart1.o(i.get_USART1_RECE_BUFF) for get_USART1_RECE_BUFF
    iap.o(i.wirte_flash) refers to usart1.o(i.LOG_SHORT) for LOG_SHORT
    iap.o(i.wirte_flash) refers to stm32f10x_flash.o(i.FLASH_Unlock) for FLASH_Unlock
    iap.o(i.wirte_flash) refers to stm32f10x_flash.o(i.FLASH_ErasePage) for FLASH_ErasePage
    iap.o(i.wirte_flash) refers to stm32f10x_flash.o(i.FLASH_ProgramHalfWord) for FLASH_ProgramHalfWord
    iap.o(i.wirte_flash) refers to stm32f10x_flash.o(i.FLASH_Lock) for FLASH_Lock
    iap.o(i.wirte_flash) refers to iap.o(i.rece_ack) for rece_ack
    iap.o(i.wirte_flash) refers to iap.o(.data) for start_addr
    usart1.o(i.LOG) refers to stm32f10x_usart.o(i.USART_SendData) for USART_SendData
    usart1.o(i.LOG) refers to stm32f10x_usart.o(i.USART_GetFlagStatus) for USART_GetFlagStatus
    usart1.o(i.LOG_SHORT) refers to stm32f10x_usart.o(i.USART_SendData) for USART_SendData
    usart1.o(i.LOG_SHORT) refers to stm32f10x_usart.o(i.USART_GetFlagStatus) for USART_GetFlagStatus
    usart1.o(i.LOG_u16) refers to stm32f10x_usart.o(i.USART_SendData) for USART_SendData
    usart1.o(i.LOG_u16) refers to stm32f10x_usart.o(i.USART_GetFlagStatus) for USART_GetFlagStatus
    usart1.o(i.USART1_IRQHandler) refers to stm32f10x_usart.o(i.USART_GetITStatus) for USART_GetITStatus
    usart1.o(i.USART1_IRQHandler) refers to stm32f10x_usart.o(i.USART_ReceiveData) for USART_ReceiveData
    usart1.o(i.USART1_IRQHandler) refers to iap.o(i.IAP_RESET) for IAP_RESET
    usart1.o(i.USART1_IRQHandler) refers to stm32f10x_usart.o(i.USART_ClearITPendingBit) for USART_ClearITPendingBit
    usart1.o(i.USART1_IRQHandler) refers to usart1.o(.data) for rx_index
    usart1.o(i.USART1_IRQHandler) refers to usart1.o(.bss) for rece_buff
    usart1.o(i.USART1_init) refers to stm32f10x_rcc.o(i.RCC_APB2PeriphClockCmd) for RCC_APB2PeriphClockCmd
    usart1.o(i.USART1_init) refers to stm32f10x_gpio.o(i.GPIO_Init) for GPIO_Init
    usart1.o(i.USART1_init) refers to stm32f10x_usart.o(i.USART_Init) for USART_Init
    usart1.o(i.USART1_init) refers to stm32f10x_usart.o(i.USART_ClearFlag) for USART_ClearFlag
    usart1.o(i.USART1_init) refers to stm32f10x_usart.o(i.USART_ITConfig) for USART_ITConfig
    usart1.o(i.USART1_init) refers to misc.o(i.NVIC_PriorityGroupConfig) for NVIC_PriorityGroupConfig
    usart1.o(i.USART1_init) refers to misc.o(i.NVIC_Init) for NVIC_Init
    usart1.o(i.USART1_init) refers to stm32f10x_usart.o(i.USART_Cmd) for USART_Cmd
    usart1.o(i.fputc) refers to stm32f10x_usart.o(i.USART_SendData) for USART_SendData
    usart1.o(i.fputc) refers to stm32f10x_usart.o(i.USART_GetFlagStatus) for USART_GetFlagStatus
    usart1.o(i.get_USART1_RECE_BUFF) refers to usart1.o(.bss) for rece_buff
    usart1.o(i.get_USART1_rece_complete) refers to usart1.o(.data) for is_rece_stop
    usart1.o(i.get_data_len) refers to usart1.o(.data) for data_len
    usart1.o(i.get_file_download_complete) refers to usart1.o(.data) for file_download_complete
    usart1.o(i.send_data) refers to stm32f10x_usart.o(i.USART_SendData) for USART_SendData
    usart1.o(i.send_data) refers to stm32f10x_usart.o(i.USART_GetFlagStatus) for USART_GetFlagStatus
    flash.o(i.read_flash_array_data) refers to flash.o(i.read_falsh_halfword) for read_falsh_halfword
    flash.o(i.write_flash_array_data) refers to stm32f10x_flash.o(i.FLASH_Unlock) for FLASH_Unlock
    flash.o(i.write_flash_array_data) refers to stm32f10x_flash.o(i.FLASH_ErasePage) for FLASH_ErasePage
    flash.o(i.write_flash_array_data) refers to stm32f10x_flash.o(i.FLASH_ProgramHalfWord) for FLASH_ProgramHalfWord
    flash.o(i.write_flash_array_data) refers to stm32f10x_flash.o(i.FLASH_Lock) for FLASH_Lock
    flash.o(i.write_flash_short_data) refers to stm32f10x_flash.o(i.FLASH_Unlock) for FLASH_Unlock
    flash.o(i.write_flash_short_data) refers to stm32f10x_flash.o(i.FLASH_ErasePage) for FLASH_ErasePage
    flash.o(i.write_flash_short_data) refers to stm32f10x_flash.o(i.FLASH_ProgramHalfWord) for FLASH_ProgramHalfWord
    flash.o(i.write_flash_short_data) refers to stm32f10x_flash.o(i.FLASH_Lock) for FLASH_Lock
    flash.o(i.write_flash_wold) refers to stm32f10x_flash.o(i.FLASH_Unlock) for FLASH_Unlock
    flash.o(i.write_flash_wold) refers to stm32f10x_flash.o(i.FLASH_ErasePage) for FLASH_ErasePage
    flash.o(i.write_flash_wold) refers to stm32f10x_flash.o(i.FLASH_ProgramWord) for FLASH_ProgramWord
    flash.o(i.write_flash_wold) refers to stm32f10x_flash.o(i.FLASH_Lock) for FLASH_Lock
    stm32f10x_flash.o(i.FLASH_EnableWriteProtection) refers to stm32f10x_flash.o(i.FLASH_WaitForLastOperation) for FLASH_WaitForLastOperation
    stm32f10x_flash.o(i.FLASH_EraseAllBank1Pages) refers to stm32f10x_flash.o(i.FLASH_WaitForLastBank1Operation) for FLASH_WaitForLastBank1Operation
    stm32f10x_flash.o(i.FLASH_EraseAllPages) refers to stm32f10x_flash.o(i.FLASH_WaitForLastOperation) for FLASH_WaitForLastOperation
    stm32f10x_flash.o(i.FLASH_EraseOptionBytes) refers to stm32f10x_flash.o(i.FLASH_GetReadOutProtectionStatus) for FLASH_GetReadOutProtectionStatus
    stm32f10x_flash.o(i.FLASH_EraseOptionBytes) refers to stm32f10x_flash.o(i.FLASH_WaitForLastOperation) for FLASH_WaitForLastOperation
    stm32f10x_flash.o(i.FLASH_ErasePage) refers to stm32f10x_flash.o(i.FLASH_WaitForLastOperation) for FLASH_WaitForLastOperation
    stm32f10x_flash.o(i.FLASH_ProgramHalfWord) refers to stm32f10x_flash.o(i.FLASH_WaitForLastOperation) for FLASH_WaitForLastOperation
    stm32f10x_flash.o(i.FLASH_ProgramOptionByteData) refers to stm32f10x_flash.o(i.FLASH_WaitForLastOperation) for FLASH_WaitForLastOperation
    stm32f10x_flash.o(i.FLASH_ProgramWord) refers to stm32f10x_flash.o(i.FLASH_WaitForLastOperation) for FLASH_WaitForLastOperation
    stm32f10x_flash.o(i.FLASH_ReadOutProtection) refers to stm32f10x_flash.o(i.FLASH_WaitForLastOperation) for FLASH_WaitForLastOperation
    stm32f10x_flash.o(i.FLASH_UserOptionByteConfig) refers to stm32f10x_flash.o(i.FLASH_WaitForLastOperation) for FLASH_WaitForLastOperation
    stm32f10x_flash.o(i.FLASH_WaitForLastBank1Operation) refers to stm32f10x_flash.o(i.FLASH_GetBank1Status) for FLASH_GetBank1Status
    stm32f10x_flash.o(i.FLASH_WaitForLastOperation) refers to stm32f10x_flash.o(i.FLASH_GetBank1Status) for FLASH_GetBank1Status
    stm32f10x_gpio.o(i.GPIO_AFIODeInit) refers to stm32f10x_rcc.o(i.RCC_APB2PeriphResetCmd) for RCC_APB2PeriphResetCmd
    stm32f10x_gpio.o(i.GPIO_DeInit) refers to stm32f10x_rcc.o(i.RCC_APB2PeriphResetCmd) for RCC_APB2PeriphResetCmd
    stm32f10x_rcc.o(i.RCC_GetClocksFreq) refers to stm32f10x_rcc.o(.data) for APBAHBPrescTable
    stm32f10x_rcc.o(i.RCC_WaitForHSEStartUp) refers to stm32f10x_rcc.o(i.RCC_GetFlagStatus) for RCC_GetFlagStatus
    stm32f10x_usart.o(i.USART_DeInit) refers to stm32f10x_rcc.o(i.RCC_APB2PeriphResetCmd) for RCC_APB2PeriphResetCmd
    stm32f10x_usart.o(i.USART_DeInit) refers to stm32f10x_rcc.o(i.RCC_APB1PeriphResetCmd) for RCC_APB1PeriphResetCmd
    stm32f10x_usart.o(i.USART_Init) refers to stm32f10x_rcc.o(i.RCC_GetClocksFreq) for RCC_GetClocksFreq
    startup_stm32f10x_hd.o(RESET) refers to startup_stm32f10x_hd.o(STACK) for __initial_sp
    startup_stm32f10x_hd.o(RESET) refers to startup_stm32f10x_hd.o(.text) for Reset_Handler
    startup_stm32f10x_hd.o(RESET) refers to usart1.o(i.USART1_IRQHandler) for USART1_IRQHandler
    startup_stm32f10x_hd.o(.text) refers to system_stm32f10x.o(i.SystemInit) for SystemInit
    startup_stm32f10x_hd.o(.text) refers to entry.o(.ARM.Collect$$$$00000000) for __main
    system_stm32f10x.o(i.SetSysClock) refers to system_stm32f10x.o(i.SetSysClockTo72) for SetSysClockTo72
    system_stm32f10x.o(i.SystemCoreClockUpdate) refers to system_stm32f10x.o(.data) for SystemCoreClock
    system_stm32f10x.o(i.SystemInit) refers to system_stm32f10x.o(i.SetSysClock) for SetSysClock
    entry.o(.ARM.Collect$$$$00000000) refers (Special) to entry10a.o(.ARM.Collect$$$$0000000D) for __rt_final_cpp
    entry.o(.ARM.Collect$$$$00000000) refers (Special) to entry11a.o(.ARM.Collect$$$$0000000F) for __rt_final_exit
    entry.o(.ARM.Collect$$$$00000000) refers (Special) to entry7b.o(.ARM.Collect$$$$00000008) for _main_clock
    entry.o(.ARM.Collect$$$$00000000) refers (Special) to entry8b.o(.ARM.Collect$$$$0000000A) for _main_cpp_init
    entry.o(.ARM.Collect$$$$00000000) refers (Special) to entry9a.o(.ARM.Collect$$$$0000000B) for _main_init
    entry.o(.ARM.Collect$$$$00000000) refers (Special) to entry5.o(.ARM.Collect$$$$00000004) for _main_scatterload
    entry.o(.ARM.Collect$$$$00000000) refers (Special) to entry2.o(.ARM.Collect$$$$00000001) for _main_stk
    entry2.o(.ARM.Collect$$$$00000001) refers to entry2.o(.ARM.Collect$$$$00002712) for __lit__00000000
    entry2.o(.ARM.Collect$$$$00002712) refers to startup_stm32f10x_hd.o(STACK) for __initial_sp
    entry2.o(__vectab_stack_and_reset_area) refers to startup_stm32f10x_hd.o(STACK) for __initial_sp
    entry2.o(__vectab_stack_and_reset_area) refers to entry.o(.ARM.Collect$$$$00000000) for __main
    entry5.o(.ARM.Collect$$$$00000004) refers to init.o(.text) for __scatterload
    entry9a.o(.ARM.Collect$$$$0000000B) refers to mian.o(i.main) for main
    entry9b.o(.ARM.Collect$$$$0000000C) refers to mian.o(i.main) for main
    init.o(.text) refers to entry5.o(.ARM.Collect$$$$00000004) for __main_after_scatterload


==============================================================================

Removing Unused input sections from the image.

    Removing mian.o(.rev16_text), (4 bytes).
    Removing mian.o(.revsh_text), (4 bytes).
    Removing mian.o(.rrx_text), (6 bytes).
    Removing utils.o(.rev16_text), (4 bytes).
    Removing utils.o(.revsh_text), (4 bytes).
    Removing utils.o(.rrx_text), (6 bytes).
    Removing utils.o(i.calc_code_sum), (30 bytes).
    Removing utils.o(i.code_check), (30 bytes).
    Removing iap.o(.rev16_text), (4 bytes).
    Removing iap.o(.revsh_text), (4 bytes).
    Removing iap.o(.rrx_text), (6 bytes).
    Removing iap.o(i.start_IAP), (60 bytes).
    Removing usart1.o(.rev16_text), (4 bytes).
    Removing usart1.o(.revsh_text), (4 bytes).
    Removing usart1.o(.rrx_text), (6 bytes).
    Removing usart1.o(i.LOG_u16), (52 bytes).
    Removing usart1.o(i.fputc), (36 bytes).
    Removing usart1.o(i.get_data_len), (12 bytes).
    Removing flash.o(.rev16_text), (4 bytes).
    Removing flash.o(.revsh_text), (4 bytes).
    Removing flash.o(.rrx_text), (6 bytes).
    Removing flash.o(i.read_flash_array_data), (64 bytes).
    Removing flash.o(i.read_flash_word), (6 bytes).
    Removing flash.o(i.write_flash_array_data), (92 bytes).
    Removing flash.o(i.write_flash_wold), (60 bytes).
    Removing misc.o(.rev16_text), (4 bytes).
    Removing misc.o(.revsh_text), (4 bytes).
    Removing misc.o(.rrx_text), (6 bytes).
    Removing misc.o(i.NVIC_SystemLPConfig), (32 bytes).
    Removing misc.o(i.SysTick_CLKSourceConfig), (40 bytes).
    Removing stm32f10x_exti.o(.rev16_text), (4 bytes).
    Removing stm32f10x_exti.o(.revsh_text), (4 bytes).
    Removing stm32f10x_exti.o(.rrx_text), (6 bytes).
    Removing stm32f10x_exti.o(i.EXTI_ClearFlag), (12 bytes).
    Removing stm32f10x_exti.o(i.EXTI_ClearITPendingBit), (12 bytes).
    Removing stm32f10x_exti.o(i.EXTI_DeInit), (36 bytes).
    Removing stm32f10x_exti.o(i.EXTI_GenerateSWInterrupt), (16 bytes).
    Removing stm32f10x_exti.o(i.EXTI_GetFlagStatus), (24 bytes).
    Removing stm32f10x_exti.o(i.EXTI_GetITStatus), (40 bytes).
    Removing stm32f10x_exti.o(i.EXTI_Init), (148 bytes).
    Removing stm32f10x_exti.o(i.EXTI_StructInit), (16 bytes).
    Removing stm32f10x_flash.o(.rev16_text), (4 bytes).
    Removing stm32f10x_flash.o(.revsh_text), (4 bytes).
    Removing stm32f10x_flash.o(.rrx_text), (6 bytes).
    Removing stm32f10x_flash.o(i.FLASH_ClearFlag), (12 bytes).
    Removing stm32f10x_flash.o(i.FLASH_EnableWriteProtection), (196 bytes).
    Removing stm32f10x_flash.o(i.FLASH_EraseAllBank1Pages), (72 bytes).
    Removing stm32f10x_flash.o(i.FLASH_EraseAllPages), (72 bytes).
    Removing stm32f10x_flash.o(i.FLASH_EraseOptionBytes), (168 bytes).
    Removing stm32f10x_flash.o(i.FLASH_GetFlagStatus), (48 bytes).
    Removing stm32f10x_flash.o(i.FLASH_GetPrefetchBufferStatus), (24 bytes).
    Removing stm32f10x_flash.o(i.FLASH_GetReadOutProtectionStatus), (24 bytes).
    Removing stm32f10x_flash.o(i.FLASH_GetStatus), (52 bytes).
    Removing stm32f10x_flash.o(i.FLASH_GetUserOptionByte), (12 bytes).
    Removing stm32f10x_flash.o(i.FLASH_GetWriteProtectionOptionByte), (12 bytes).
    Removing stm32f10x_flash.o(i.FLASH_HalfCycleAccessCmd), (28 bytes).
    Removing stm32f10x_flash.o(i.FLASH_ITConfig), (32 bytes).
    Removing stm32f10x_flash.o(i.FLASH_LockBank1), (20 bytes).
    Removing stm32f10x_flash.o(i.FLASH_PrefetchBufferCmd), (28 bytes).
    Removing stm32f10x_flash.o(i.FLASH_ProgramOptionByteData), (84 bytes).
    Removing stm32f10x_flash.o(i.FLASH_ProgramWord), (108 bytes).
    Removing stm32f10x_flash.o(i.FLASH_ReadOutProtection), (172 bytes).
    Removing stm32f10x_flash.o(i.FLASH_SetLatency), (24 bytes).
    Removing stm32f10x_flash.o(i.FLASH_UnlockBank1), (24 bytes).
    Removing stm32f10x_flash.o(i.FLASH_UserOptionByteConfig), (104 bytes).
    Removing stm32f10x_flash.o(i.FLASH_WaitForLastBank1Operation), (38 bytes).
    Removing stm32f10x_gpio.o(.rev16_text), (4 bytes).
    Removing stm32f10x_gpio.o(.revsh_text), (4 bytes).
    Removing stm32f10x_gpio.o(.rrx_text), (6 bytes).
    Removing stm32f10x_gpio.o(i.GPIO_AFIODeInit), (20 bytes).
    Removing stm32f10x_gpio.o(i.GPIO_DeInit), (200 bytes).
    Removing stm32f10x_gpio.o(i.GPIO_ETH_MediaInterfaceConfig), (12 bytes).
    Removing stm32f10x_gpio.o(i.GPIO_EXTILineConfig), (64 bytes).
    Removing stm32f10x_gpio.o(i.GPIO_EventOutputCmd), (12 bytes).
    Removing stm32f10x_gpio.o(i.GPIO_EventOutputConfig), (32 bytes).
    Removing stm32f10x_gpio.o(i.GPIO_PinLockConfig), (18 bytes).
    Removing stm32f10x_gpio.o(i.GPIO_PinRemapConfig), (144 bytes).
    Removing stm32f10x_gpio.o(i.GPIO_ReadInputData), (8 bytes).
    Removing stm32f10x_gpio.o(i.GPIO_ReadInputDataBit), (18 bytes).
    Removing stm32f10x_gpio.o(i.GPIO_ReadOutputData), (8 bytes).
    Removing stm32f10x_gpio.o(i.GPIO_ReadOutputDataBit), (18 bytes).
    Removing stm32f10x_gpio.o(i.GPIO_ResetBits), (4 bytes).
    Removing stm32f10x_gpio.o(i.GPIO_SetBits), (4 bytes).
    Removing stm32f10x_gpio.o(i.GPIO_StructInit), (16 bytes).
    Removing stm32f10x_gpio.o(i.GPIO_Write), (4 bytes).
    Removing stm32f10x_gpio.o(i.GPIO_WriteBit), (10 bytes).
    Removing stm32f10x_rcc.o(.rev16_text), (4 bytes).
    Removing stm32f10x_rcc.o(.revsh_text), (4 bytes).
    Removing stm32f10x_rcc.o(.rrx_text), (6 bytes).
    Removing stm32f10x_rcc.o(i.RCC_ADCCLKConfig), (24 bytes).
    Removing stm32f10x_rcc.o(i.RCC_AHBPeriphClockCmd), (32 bytes).
    Removing stm32f10x_rcc.o(i.RCC_APB1PeriphClockCmd), (32 bytes).
    Removing stm32f10x_rcc.o(i.RCC_APB1PeriphResetCmd), (32 bytes).
    Removing stm32f10x_rcc.o(i.RCC_APB2PeriphResetCmd), (32 bytes).
    Removing stm32f10x_rcc.o(i.RCC_AdjustHSICalibrationValue), (24 bytes).
    Removing stm32f10x_rcc.o(i.RCC_BackupResetCmd), (12 bytes).
    Removing stm32f10x_rcc.o(i.RCC_ClearFlag), (20 bytes).
    Removing stm32f10x_rcc.o(i.RCC_ClearITPendingBit), (12 bytes).
    Removing stm32f10x_rcc.o(i.RCC_ClockSecuritySystemCmd), (12 bytes).
    Removing stm32f10x_rcc.o(i.RCC_DeInit), (76 bytes).
    Removing stm32f10x_rcc.o(i.RCC_GetFlagStatus), (60 bytes).
    Removing stm32f10x_rcc.o(i.RCC_GetITStatus), (24 bytes).
    Removing stm32f10x_rcc.o(i.RCC_GetSYSCLKSource), (16 bytes).
    Removing stm32f10x_rcc.o(i.RCC_HCLKConfig), (24 bytes).
    Removing stm32f10x_rcc.o(i.RCC_HSEConfig), (76 bytes).
    Removing stm32f10x_rcc.o(i.RCC_HSICmd), (12 bytes).
    Removing stm32f10x_rcc.o(i.RCC_ITConfig), (32 bytes).
    Removing stm32f10x_rcc.o(i.RCC_LSEConfig), (52 bytes).
    Removing stm32f10x_rcc.o(i.RCC_LSICmd), (12 bytes).
    Removing stm32f10x_rcc.o(i.RCC_MCOConfig), (12 bytes).
    Removing stm32f10x_rcc.o(i.RCC_PCLK1Config), (24 bytes).
    Removing stm32f10x_rcc.o(i.RCC_PCLK2Config), (24 bytes).
    Removing stm32f10x_rcc.o(i.RCC_PLLCmd), (12 bytes).
    Removing stm32f10x_rcc.o(i.RCC_PLLConfig), (28 bytes).
    Removing stm32f10x_rcc.o(i.RCC_RTCCLKCmd), (12 bytes).
    Removing stm32f10x_rcc.o(i.RCC_RTCCLKConfig), (16 bytes).
    Removing stm32f10x_rcc.o(i.RCC_SYSCLKConfig), (24 bytes).
    Removing stm32f10x_rcc.o(i.RCC_USBCLKConfig), (12 bytes).
    Removing stm32f10x_rcc.o(i.RCC_WaitForHSEStartUp), (56 bytes).
    Removing stm32f10x_usart.o(.rev16_text), (4 bytes).
    Removing stm32f10x_usart.o(.revsh_text), (4 bytes).
    Removing stm32f10x_usart.o(.rrx_text), (6 bytes).
    Removing stm32f10x_usart.o(i.USART_ClockInit), (34 bytes).
    Removing stm32f10x_usart.o(i.USART_ClockStructInit), (12 bytes).
    Removing stm32f10x_usart.o(i.USART_DMACmd), (18 bytes).
    Removing stm32f10x_usart.o(i.USART_DeInit), (156 bytes).
    Removing stm32f10x_usart.o(i.USART_HalfDuplexCmd), (24 bytes).
    Removing stm32f10x_usart.o(i.USART_IrDACmd), (24 bytes).
    Removing stm32f10x_usart.o(i.USART_IrDAConfig), (18 bytes).
    Removing stm32f10x_usart.o(i.USART_LINBreakDetectLengthConfig), (18 bytes).
    Removing stm32f10x_usart.o(i.USART_LINCmd), (24 bytes).
    Removing stm32f10x_usart.o(i.USART_OneBitMethodCmd), (24 bytes).
    Removing stm32f10x_usart.o(i.USART_OverSampling8Cmd), (22 bytes).
    Removing stm32f10x_usart.o(i.USART_ReceiverWakeUpCmd), (24 bytes).
    Removing stm32f10x_usart.o(i.USART_SendBreak), (10 bytes).
    Removing stm32f10x_usart.o(i.USART_SetAddress), (18 bytes).
    Removing stm32f10x_usart.o(i.USART_SetGuardTime), (16 bytes).
    Removing stm32f10x_usart.o(i.USART_SetPrescaler), (16 bytes).
    Removing stm32f10x_usart.o(i.USART_SmartCardCmd), (24 bytes).
    Removing stm32f10x_usart.o(i.USART_SmartCardNACKCmd), (24 bytes).
    Removing stm32f10x_usart.o(i.USART_StructInit), (24 bytes).
    Removing stm32f10x_usart.o(i.USART_WakeUpConfig), (18 bytes).
    Removing startup_stm32f10x_hd.o(HEAP), (512 bytes).
    Removing system_stm32f10x.o(.rev16_text), (4 bytes).
    Removing system_stm32f10x.o(.revsh_text), (4 bytes).
    Removing system_stm32f10x.o(.rrx_text), (6 bytes).
    Removing system_stm32f10x.o(i.SystemCoreClockUpdate), (164 bytes).
    Removing system_stm32f10x.o(.data), (20 bytes).

148 unused section(s) (total 5012 bytes) removed from the image.

==============================================================================

Image Symbol Table

    Local Symbols

    Symbol Name                              Value     Ov Type        Size  Object(Section)

    ../clib/microlib/init/entry.s            0x00000000   Number         0  entry2.o ABSOLUTE
    ../clib/microlib/init/entry.s            0x00000000   Number         0  entry8b.o ABSOLUTE
    ../clib/microlib/init/entry.s            0x00000000   Number         0  entry8a.o ABSOLUTE
    ../clib/microlib/init/entry.s            0x00000000   Number         0  entry5.o ABSOLUTE
    ../clib/microlib/init/entry.s            0x00000000   Number         0  entry7a.o ABSOLUTE
    ../clib/microlib/init/entry.s            0x00000000   Number         0  entry11b.o ABSOLUTE
    ../clib/microlib/init/entry.s            0x00000000   Number         0  entry11a.o ABSOLUTE
    ../clib/microlib/init/entry.s            0x00000000   Number         0  entry10b.o ABSOLUTE
    ../clib/microlib/init/entry.s            0x00000000   Number         0  entry10a.o ABSOLUTE
    ../clib/microlib/init/entry.s            0x00000000   Number         0  entry9b.o ABSOLUTE
    ../clib/microlib/init/entry.s            0x00000000   Number         0  entry9a.o ABSOLUTE
    ../clib/microlib/init/entry.s            0x00000000   Number         0  entry7b.o ABSOLUTE
    ../clib/microlib/init/entry.s            0x00000000   Number         0  entry.o ABSOLUTE
    C:\Keil_v5\ARM\PACK\Keil\STM32F1xx_DFP\2.1.0\Device\StdPeriph_Driver\src\misc.c 0x00000000   Number         0  misc.o ABSOLUTE
    C:\Keil_v5\ARM\PACK\Keil\STM32F1xx_DFP\2.1.0\Device\StdPeriph_Driver\src\stm32f10x_exti.c 0x00000000   Number         0  stm32f10x_exti.o ABSOLUTE
    C:\Keil_v5\ARM\PACK\Keil\STM32F1xx_DFP\2.1.0\Device\StdPeriph_Driver\src\stm32f10x_flash.c 0x00000000   Number         0  stm32f10x_flash.o ABSOLUTE
    C:\Keil_v5\ARM\PACK\Keil\STM32F1xx_DFP\2.1.0\Device\StdPeriph_Driver\src\stm32f10x_gpio.c 0x00000000   Number         0  stm32f10x_gpio.o ABSOLUTE
    C:\Keil_v5\ARM\PACK\Keil\STM32F1xx_DFP\2.1.0\Device\StdPeriph_Driver\src\stm32f10x_rcc.c 0x00000000   Number         0  stm32f10x_rcc.o ABSOLUTE
    C:\Keil_v5\ARM\PACK\Keil\STM32F1xx_DFP\2.1.0\Device\StdPeriph_Driver\src\stm32f10x_usart.c 0x00000000   Number         0  stm32f10x_usart.o ABSOLUTE
    C:\\Keil_v5\\ARM\\PACK\\Keil\\STM32F1xx_DFP\\2.1.0\\Device\\StdPeriph_Driver\\src\\misc.c 0x00000000   Number         0  misc.o ABSOLUTE
    C:\\Keil_v5\\ARM\\PACK\\Keil\\STM32F1xx_DFP\\2.1.0\\Device\\StdPeriph_Driver\\src\\stm32f10x_exti.c 0x00000000   Number         0  stm32f10x_exti.o ABSOLUTE
    C:\\Keil_v5\\ARM\\PACK\\Keil\\STM32F1xx_DFP\\2.1.0\\Device\\StdPeriph_Driver\\src\\stm32f10x_flash.c 0x00000000   Number         0  stm32f10x_flash.o ABSOLUTE
    C:\\Keil_v5\\ARM\\PACK\\Keil\\STM32F1xx_DFP\\2.1.0\\Device\\StdPeriph_Driver\\src\\stm32f10x_gpio.c 0x00000000   Number         0  stm32f10x_gpio.o ABSOLUTE
    C:\\Keil_v5\\ARM\\PACK\\Keil\\STM32F1xx_DFP\\2.1.0\\Device\\StdPeriph_Driver\\src\\stm32f10x_rcc.c 0x00000000   Number         0  stm32f10x_rcc.o ABSOLUTE
    C:\\Keil_v5\\ARM\\PACK\\Keil\\STM32F1xx_DFP\\2.1.0\\Device\\StdPeriph_Driver\\src\\stm32f10x_usart.c 0x00000000   Number         0  stm32f10x_usart.o ABSOLUTE
    IAP.c                                    0x00000000   Number         0  iap.o ABSOLUTE
    IAP.c                                    0x00000000   Number         0  iap.o ABSOLUTE
    RTE\Device\STM32F103RC\startup_stm32f10x_hd.s 0x00000000   Number         0  startup_stm32f10x_hd.o ABSOLUTE
    RTE\Device\STM32F103RC\system_stm32f10x.c 0x00000000   Number         0  system_stm32f10x.o ABSOLUTE
    RTE\\Device\\STM32F103RC\\system_stm32f10x.c 0x00000000   Number         0  system_stm32f10x.o ABSOLUTE
    dc.s                                     0x00000000   Number         0  dc.o ABSOLUTE
    flash.c                                  0x00000000   Number         0  flash.o ABSOLUTE
    flash.c                                  0x00000000   Number         0  flash.o ABSOLUTE
    handlers.s                               0x00000000   Number         0  handlers.o ABSOLUTE
    init.s                                   0x00000000   Number         0  init.o ABSOLUTE
    mian.c                                   0x00000000   Number         0  mian.o ABSOLUTE
    usart1.c                                 0x00000000   Number         0  usart1.o ABSOLUTE
    usart1.c                                 0x00000000   Number         0  usart1.o ABSOLUTE
    utils.c                                  0x00000000   Number         0  utils.o ABSOLUTE
    utils.c                                  0x00000000   Number         0  utils.o ABSOLUTE
    RESET                                    0x08000000   Section      304  startup_stm32f10x_hd.o(RESET)
    .ARM.Collect$$$$00000000                 0x08000130   Section        0  entry.o(.ARM.Collect$$$$00000000)
    .ARM.Collect$$$$00000001                 0x08000130   Section        4  entry2.o(.ARM.Collect$$$$00000001)
    .ARM.Collect$$$$00000004                 0x08000134   Section        4  entry5.o(.ARM.Collect$$$$00000004)
    .ARM.Collect$$$$00000008                 0x08000138   Section        0  entry7b.o(.ARM.Collect$$$$00000008)
    .ARM.Collect$$$$0000000A                 0x08000138   Section        0  entry8b.o(.ARM.Collect$$$$0000000A)
    .ARM.Collect$$$$0000000B                 0x08000138   Section        8  entry9a.o(.ARM.Collect$$$$0000000B)
    .ARM.Collect$$$$0000000D                 0x08000140   Section        0  entry10a.o(.ARM.Collect$$$$0000000D)
    .ARM.Collect$$$$0000000F                 0x08000140   Section        0  entry11a.o(.ARM.Collect$$$$0000000F)
    .ARM.Collect$$$$00002712                 0x08000140   Section        4  entry2.o(.ARM.Collect$$$$00002712)
    __lit__00000000                          0x08000140   Data           4  entry2.o(.ARM.Collect$$$$00002712)
    .text                                    0x08000144   Section       36  startup_stm32f10x_hd.o(.text)
    .text                                    0x08000168   Section       36  init.o(.text)
    i.FLASH_ErasePage                        0x0800018c   Section        0  stm32f10x_flash.o(i.FLASH_ErasePage)
    i.FLASH_GetBank1Status                   0x080001d8   Section        0  stm32f10x_flash.o(i.FLASH_GetBank1Status)
    i.FLASH_Lock                             0x0800020c   Section        0  stm32f10x_flash.o(i.FLASH_Lock)
    i.FLASH_ProgramHalfWord                  0x08000220   Section        0  stm32f10x_flash.o(i.FLASH_ProgramHalfWord)
    i.FLASH_Unlock                           0x08000260   Section        0  stm32f10x_flash.o(i.FLASH_Unlock)
    i.FLASH_WaitForLastOperation             0x08000278   Section        0  stm32f10x_flash.o(i.FLASH_WaitForLastOperation)
    i.GPIO_Init                              0x0800029e   Section        0  stm32f10x_gpio.o(i.GPIO_Init)
    i.IAP_RESET                              0x080003b4   Section        0  iap.o(i.IAP_RESET)
    i.LOG                                    0x080003d8   Section        0  usart1.o(i.LOG)
    i.LOG_SHORT                              0x08000408   Section        0  usart1.o(i.LOG_SHORT)
    i.NVIC_Init                              0x08000444   Section        0  misc.o(i.NVIC_Init)
    i.NVIC_PriorityGroupConfig               0x080004b4   Section        0  misc.o(i.NVIC_PriorityGroupConfig)
    i.NVIC_SetVectorTable                    0x080004c8   Section        0  misc.o(i.NVIC_SetVectorTable)
    i.RCC_APB2PeriphClockCmd                 0x080004dc   Section        0  stm32f10x_rcc.o(i.RCC_APB2PeriphClockCmd)
    i.RCC_GetClocksFreq                      0x080004fc   Section        0  stm32f10x_rcc.o(i.RCC_GetClocksFreq)
    i.SetSysClock                            0x080005d0   Section        0  system_stm32f10x.o(i.SetSysClock)
    SetSysClock                              0x080005d1   Thumb Code     8  system_stm32f10x.o(i.SetSysClock)
    i.SetSysClockTo72                        0x080005d8   Section        0  system_stm32f10x.o(i.SetSysClockTo72)
    SetSysClockTo72                          0x080005d9   Thumb Code   214  system_stm32f10x.o(i.SetSysClockTo72)
    i.SystemInit                             0x080006b8   Section        0  system_stm32f10x.o(i.SystemInit)
    i.USART1_IRQHandler                      0x08000718   Section        0  usart1.o(i.USART1_IRQHandler)
    i.USART1_init                            0x08000844   Section        0  usart1.o(i.USART1_init)
    i.USART_ClearFlag                        0x08000900   Section        0  stm32f10x_usart.o(i.USART_ClearFlag)
    i.USART_ClearITPendingBit                0x08000912   Section        0  stm32f10x_usart.o(i.USART_ClearITPendingBit)
    i.USART_Cmd                              0x08000930   Section        0  stm32f10x_usart.o(i.USART_Cmd)
    i.USART_GetFlagStatus                    0x08000948   Section        0  stm32f10x_usart.o(i.USART_GetFlagStatus)
    i.USART_GetITStatus                      0x08000962   Section        0  stm32f10x_usart.o(i.USART_GetITStatus)
    i.USART_ITConfig                         0x080009b6   Section        0  stm32f10x_usart.o(i.USART_ITConfig)
    i.USART_Init                             0x08000a00   Section        0  stm32f10x_usart.o(i.USART_Init)
    i.USART_ReceiveData                      0x08000ad8   Section        0  stm32f10x_usart.o(i.USART_ReceiveData)
    i.USART_SendData                         0x08000ae2   Section        0  stm32f10x_usart.o(i.USART_SendData)
    i.__scatterload_copy                     0x08000aea   Section       14  handlers.o(i.__scatterload_copy)
    i.__scatterload_null                     0x08000af8   Section        2  handlers.o(i.__scatterload_null)
    i.__scatterload_zeroinit                 0x08000afa   Section       14  handlers.o(i.__scatterload_zeroinit)
    i.get_USART1_RECE_BUFF                   0x08000b08   Section        0  usart1.o(i.get_USART1_RECE_BUFF)
    i.get_USART1_rece_complete               0x08000b10   Section        0  usart1.o(i.get_USART1_rece_complete)
    i.get_file_download_complete             0x08000b18   Section        0  usart1.o(i.get_file_download_complete)
    i.listener_USART1_data                   0x08000b20   Section        0  iap.o(i.listener_USART1_data)
    i.main                                   0x08000b48   Section       80  mian.o(i.main)
    i.read_falsh_halfword                    0x08000b98   Section        0  flash.o(i.read_falsh_halfword)
    i.rece_ack                               0x08000ba0   Section        0  iap.o(i.rece_ack)
    i.send_data                              0x08000bb8   Section        0  usart1.o(i.send_data)
    i.start_app                              0x08000bec   Section        0  iap.o(i.start_app)
    i.wirte_flash                            0x08000c28   Section        0  iap.o(i.wirte_flash)
    i.write_flash_short_data                 0x08000cbc   Section        0  flash.o(i.write_flash_short_data)
    .data                                    0x20000000   Section        8  iap.o(.data)
    .data                                    0x20000008   Section        7  usart1.o(.data)
    .data                                    0x2000000f   Section       20  stm32f10x_rcc.o(.data)
    APBAHBPrescTable                         0x2000000f   Data          16  stm32f10x_rcc.o(.data)
    ADCPrescTable                            0x2000001f   Data           4  stm32f10x_rcc.o(.data)
    .bss                                     0x20000024   Section     2052  usart1.o(.bss)
    STACK                                    0x20000828   Section     1024  startup_stm32f10x_hd.o(STACK)

    Global Symbols

    Symbol Name                              Value     Ov Type        Size  Object(Section)

    BuildAttributes$$THM_ISAv4$P$D$K$B$S$PE$A:L22UL41UL21$X:L11$S22US41US21$IEEE1$IW$USESV6$~STKCKD$USESV7$~SHL$OSPACE$EBA8$MICROLIB$REQ8$PRES8$EABIv2 0x00000000   Number         0  anon$$obj.o ABSOLUTE
    __ARM_use_no_argv                        0x00000000   Number         0  mian.o ABSOLUTE
    __cpp_initialize__aeabi_                  - Undefined Weak Reference
    __cxa_finalize                            - Undefined Weak Reference
    __decompress                              - Undefined Weak Reference
    _clock_init                               - Undefined Weak Reference
    _microlib_exit                            - Undefined Weak Reference
    __Vectors_Size                           0x00000130   Number         0  startup_stm32f10x_hd.o ABSOLUTE
    __Vectors                                0x08000000   Data           4  startup_stm32f10x_hd.o(RESET)
    __Vectors_End                            0x08000130   Data           0  startup_stm32f10x_hd.o(RESET)
    __main                                   0x08000131   Thumb Code     0  entry.o(.ARM.Collect$$$$00000000)
    _main_stk                                0x08000131   Thumb Code     0  entry2.o(.ARM.Collect$$$$00000001)
    _main_scatterload                        0x08000135   Thumb Code     0  entry5.o(.ARM.Collect$$$$00000004)
    __main_after_scatterload                 0x08000139   Thumb Code     0  entry5.o(.ARM.Collect$$$$00000004)
    _main_clock                              0x08000139   Thumb Code     0  entry7b.o(.ARM.Collect$$$$00000008)
    _main_cpp_init                           0x08000139   Thumb Code     0  entry8b.o(.ARM.Collect$$$$0000000A)
    _main_init                               0x08000139   Thumb Code     0  entry9a.o(.ARM.Collect$$$$0000000B)
    __rt_final_cpp                           0x08000141   Thumb Code     0  entry10a.o(.ARM.Collect$$$$0000000D)
    __rt_final_exit                          0x08000141   Thumb Code     0  entry11a.o(.ARM.Collect$$$$0000000F)
    Reset_Handler                            0x08000145   Thumb Code     8  startup_stm32f10x_hd.o(.text)
    NMI_Handler                              0x0800014d   Thumb Code     2  startup_stm32f10x_hd.o(.text)
    HardFault_Handler                        0x0800014f   Thumb Code     2  startup_stm32f10x_hd.o(.text)
    MemManage_Handler                        0x08000151   Thumb Code     2  startup_stm32f10x_hd.o(.text)
    BusFault_Handler                         0x08000153   Thumb Code     2  startup_stm32f10x_hd.o(.text)
    UsageFault_Handler                       0x08000155   Thumb Code     2  startup_stm32f10x_hd.o(.text)
    SVC_Handler                              0x08000157   Thumb Code     2  startup_stm32f10x_hd.o(.text)
    DebugMon_Handler                         0x08000159   Thumb Code     2  startup_stm32f10x_hd.o(.text)
    PendSV_Handler                           0x0800015b   Thumb Code     2  startup_stm32f10x_hd.o(.text)
    SysTick_Handler                          0x0800015d   Thumb Code     2  startup_stm32f10x_hd.o(.text)
    ADC1_2_IRQHandler                        0x0800015f   Thumb Code     0  startup_stm32f10x_hd.o(.text)
    ADC3_IRQHandler                          0x0800015f   Thumb Code     0  startup_stm32f10x_hd.o(.text)
    CAN1_RX1_IRQHandler                      0x0800015f   Thumb Code     0  startup_stm32f10x_hd.o(.text)
    CAN1_SCE_IRQHandler                      0x0800015f   Thumb Code     0  startup_stm32f10x_hd.o(.text)
    DMA1_Channel1_IRQHandler                 0x0800015f   Thumb Code     0  startup_stm32f10x_hd.o(.text)
    DMA1_Channel2_IRQHandler                 0x0800015f   Thumb Code     0  startup_stm32f10x_hd.o(.text)
    DMA1_Channel3_IRQHandler                 0x0800015f   Thumb Code     0  startup_stm32f10x_hd.o(.text)
    DMA1_Channel4_IRQHandler                 0x0800015f   Thumb Code     0  startup_stm32f10x_hd.o(.text)
    DMA1_Channel5_IRQHandler                 0x0800015f   Thumb Code     0  startup_stm32f10x_hd.o(.text)
    DMA1_Channel6_IRQHandler                 0x0800015f   Thumb Code     0  startup_stm32f10x_hd.o(.text)
    DMA1_Channel7_IRQHandler                 0x0800015f   Thumb Code     0  startup_stm32f10x_hd.o(.text)
    DMA2_Channel1_IRQHandler                 0x0800015f   Thumb Code     0  startup_stm32f10x_hd.o(.text)
    DMA2_Channel2_IRQHandler                 0x0800015f   Thumb Code     0  startup_stm32f10x_hd.o(.text)
    DMA2_Channel3_IRQHandler                 0x0800015f   Thumb Code     0  startup_stm32f10x_hd.o(.text)
    DMA2_Channel4_5_IRQHandler               0x0800015f   Thumb Code     0  startup_stm32f10x_hd.o(.text)
    EXTI0_IRQHandler                         0x0800015f   Thumb Code     0  startup_stm32f10x_hd.o(.text)
    EXTI15_10_IRQHandler                     0x0800015f   Thumb Code     0  startup_stm32f10x_hd.o(.text)
    EXTI1_IRQHandler                         0x0800015f   Thumb Code     0  startup_stm32f10x_hd.o(.text)
    EXTI2_IRQHandler                         0x0800015f   Thumb Code     0  startup_stm32f10x_hd.o(.text)
    EXTI3_IRQHandler                         0x0800015f   Thumb Code     0  startup_stm32f10x_hd.o(.text)
    EXTI4_IRQHandler                         0x0800015f   Thumb Code     0  startup_stm32f10x_hd.o(.text)
    EXTI9_5_IRQHandler                       0x0800015f   Thumb Code     0  startup_stm32f10x_hd.o(.text)
    FLASH_IRQHandler                         0x0800015f   Thumb Code     0  startup_stm32f10x_hd.o(.text)
    FSMC_IRQHandler                          0x0800015f   Thumb Code     0  startup_stm32f10x_hd.o(.text)
    I2C1_ER_IRQHandler                       0x0800015f   Thumb Code     0  startup_stm32f10x_hd.o(.text)
    I2C1_EV_IRQHandler                       0x0800015f   Thumb Code     0  startup_stm32f10x_hd.o(.text)
    I2C2_ER_IRQHandler                       0x0800015f   Thumb Code     0  startup_stm32f10x_hd.o(.text)
    I2C2_EV_IRQHandler                       0x0800015f   Thumb Code     0  startup_stm32f10x_hd.o(.text)
    PVD_IRQHandler                           0x0800015f   Thumb Code     0  startup_stm32f10x_hd.o(.text)
    RCC_IRQHandler                           0x0800015f   Thumb Code     0  startup_stm32f10x_hd.o(.text)
    RTCAlarm_IRQHandler                      0x0800015f   Thumb Code     0  startup_stm32f10x_hd.o(.text)
    RTC_IRQHandler                           0x0800015f   Thumb Code     0  startup_stm32f10x_hd.o(.text)
    SDIO_IRQHandler                          0x0800015f   Thumb Code     0  startup_stm32f10x_hd.o(.text)
    SPI1_IRQHandler                          0x0800015f   Thumb Code     0  startup_stm32f10x_hd.o(.text)
    SPI2_IRQHandler                          0x0800015f   Thumb Code     0  startup_stm32f10x_hd.o(.text)
    SPI3_IRQHandler                          0x0800015f   Thumb Code     0  startup_stm32f10x_hd.o(.text)
    TAMPER_IRQHandler                        0x0800015f   Thumb Code     0  startup_stm32f10x_hd.o(.text)
    TIM1_BRK_IRQHandler                      0x0800015f   Thumb Code     0  startup_stm32f10x_hd.o(.text)
    TIM1_CC_IRQHandler                       0x0800015f   Thumb Code     0  startup_stm32f10x_hd.o(.text)
    TIM1_TRG_COM_IRQHandler                  0x0800015f   Thumb Code     0  startup_stm32f10x_hd.o(.text)
    TIM1_UP_IRQHandler                       0x0800015f   Thumb Code     0  startup_stm32f10x_hd.o(.text)
    TIM2_IRQHandler                          0x0800015f   Thumb Code     0  startup_stm32f10x_hd.o(.text)
    TIM3_IRQHandler                          0x0800015f   Thumb Code     0  startup_stm32f10x_hd.o(.text)
    TIM4_IRQHandler                          0x0800015f   Thumb Code     0  startup_stm32f10x_hd.o(.text)
    TIM5_IRQHandler                          0x0800015f   Thumb Code     0  startup_stm32f10x_hd.o(.text)
    TIM6_IRQHandler                          0x0800015f   Thumb Code     0  startup_stm32f10x_hd.o(.text)
    TIM7_IRQHandler                          0x0800015f   Thumb Code     0  startup_stm32f10x_hd.o(.text)
    TIM8_BRK_IRQHandler                      0x0800015f   Thumb Code     0  startup_stm32f10x_hd.o(.text)
    TIM8_CC_IRQHandler                       0x0800015f   Thumb Code     0  startup_stm32f10x_hd.o(.text)
    TIM8_TRG_COM_IRQHandler                  0x0800015f   Thumb Code     0  startup_stm32f10x_hd.o(.text)
    TIM8_UP_IRQHandler                       0x0800015f   Thumb Code     0  startup_stm32f10x_hd.o(.text)
    UART4_IRQHandler                         0x0800015f   Thumb Code     0  startup_stm32f10x_hd.o(.text)
    UART5_IRQHandler                         0x0800015f   Thumb Code     0  startup_stm32f10x_hd.o(.text)
    USART2_IRQHandler                        0x0800015f   Thumb Code     0  startup_stm32f10x_hd.o(.text)
    USART3_IRQHandler                        0x0800015f   Thumb Code     0  startup_stm32f10x_hd.o(.text)
    USBWakeUp_IRQHandler                     0x0800015f   Thumb Code     0  startup_stm32f10x_hd.o(.text)
    USB_HP_CAN1_TX_IRQHandler                0x0800015f   Thumb Code     0  startup_stm32f10x_hd.o(.text)
    USB_LP_CAN1_RX0_IRQHandler               0x0800015f   Thumb Code     0  startup_stm32f10x_hd.o(.text)
    WWDG_IRQHandler                          0x0800015f   Thumb Code     0  startup_stm32f10x_hd.o(.text)
    __scatterload                            0x08000169   Thumb Code    28  init.o(.text)
    __scatterload_rt2                        0x08000169   Thumb Code     0  init.o(.text)
    FLASH_ErasePage                          0x0800018d   Thumb Code    72  stm32f10x_flash.o(i.FLASH_ErasePage)
    FLASH_GetBank1Status                     0x080001d9   Thumb Code    48  stm32f10x_flash.o(i.FLASH_GetBank1Status)
    FLASH_Lock                               0x0800020d   Thumb Code    14  stm32f10x_flash.o(i.FLASH_Lock)
    FLASH_ProgramHalfWord                    0x08000221   Thumb Code    60  stm32f10x_flash.o(i.FLASH_ProgramHalfWord)
    FLASH_Unlock                             0x08000261   Thumb Code    12  stm32f10x_flash.o(i.FLASH_Unlock)
    FLASH_WaitForLastOperation               0x08000279   Thumb Code    38  stm32f10x_flash.o(i.FLASH_WaitForLastOperation)
    GPIO_Init                                0x0800029f   Thumb Code   278  stm32f10x_gpio.o(i.GPIO_Init)
    IAP_RESET                                0x080003b5   Thumb Code    24  iap.o(i.IAP_RESET)
    LOG                                      0x080003d9   Thumb Code    42  usart1.o(i.LOG)
    LOG_SHORT                                0x08000409   Thumb Code    54  usart1.o(i.LOG_SHORT)
    NVIC_Init                                0x08000445   Thumb Code   100  misc.o(i.NVIC_Init)
    NVIC_PriorityGroupConfig                 0x080004b5   Thumb Code    10  misc.o(i.NVIC_PriorityGroupConfig)
    NVIC_SetVectorTable                      0x080004c9   Thumb Code    12  misc.o(i.NVIC_SetVectorTable)
    RCC_APB2PeriphClockCmd                   0x080004dd   Thumb Code    26  stm32f10x_rcc.o(i.RCC_APB2PeriphClockCmd)
    RCC_GetClocksFreq                        0x080004fd   Thumb Code   192  stm32f10x_rcc.o(i.RCC_GetClocksFreq)
    SystemInit                               0x080006b9   Thumb Code    78  system_stm32f10x.o(i.SystemInit)
    USART1_IRQHandler                        0x08000719   Thumb Code   270  usart1.o(i.USART1_IRQHandler)
    USART1_init                              0x08000845   Thumb Code   180  usart1.o(i.USART1_init)
    USART_ClearFlag                          0x08000901   Thumb Code    18  stm32f10x_usart.o(i.USART_ClearFlag)
    USART_ClearITPendingBit                  0x08000913   Thumb Code    30  stm32f10x_usart.o(i.USART_ClearITPendingBit)
    USART_Cmd                                0x08000931   Thumb Code    24  stm32f10x_usart.o(i.USART_Cmd)
    USART_GetFlagStatus                      0x08000949   Thumb Code    26  stm32f10x_usart.o(i.USART_GetFlagStatus)
    USART_GetITStatus                        0x08000963   Thumb Code    84  stm32f10x_usart.o(i.USART_GetITStatus)
    USART_ITConfig                           0x080009b7   Thumb Code    74  stm32f10x_usart.o(i.USART_ITConfig)
    USART_Init                               0x08000a01   Thumb Code   210  stm32f10x_usart.o(i.USART_Init)
    USART_ReceiveData                        0x08000ad9   Thumb Code    10  stm32f10x_usart.o(i.USART_ReceiveData)
    USART_SendData                           0x08000ae3   Thumb Code     8  stm32f10x_usart.o(i.USART_SendData)
    __scatterload_copy                       0x08000aeb   Thumb Code    14  handlers.o(i.__scatterload_copy)
    __scatterload_null                       0x08000af9   Thumb Code     2  handlers.o(i.__scatterload_null)
    __scatterload_zeroinit                   0x08000afb   Thumb Code    14  handlers.o(i.__scatterload_zeroinit)
    get_USART1_RECE_BUFF                     0x08000b09   Thumb Code     4  usart1.o(i.get_USART1_RECE_BUFF)
    get_USART1_rece_complete                 0x08000b11   Thumb Code     4  usart1.o(i.get_USART1_rece_complete)
    get_file_download_complete               0x08000b19   Thumb Code     4  usart1.o(i.get_file_download_complete)
    listener_USART1_data                     0x08000b21   Thumb Code    40  iap.o(i.listener_USART1_data)
    main                                     0x08000b49   Thumb Code    60  mian.o(i.main)
    read_falsh_halfword                      0x08000b99   Thumb Code     6  flash.o(i.read_falsh_halfword)
    rece_ack                                 0x08000ba1   Thumb Code    18  iap.o(i.rece_ack)
    send_data                                0x08000bb9   Thumb Code    46  usart1.o(i.send_data)
    start_app                                0x08000bed   Thumb Code    46  iap.o(i.start_app)
    wirte_flash                              0x08000c29   Thumb Code   144  iap.o(i.wirte_flash)
    write_flash_short_data                   0x08000cbd   Thumb Code    60  flash.o(i.write_flash_short_data)
    Region$$Table$$Base                      0x08000cf8   Number         0  anon$$obj.o(Region$$Table)
    Region$$Table$$Limit                     0x08000d18   Number         0  anon$$obj.o(Region$$Table)
    start_addr                               0x20000000   Data           4  iap.o(.data)
    Jump_To_Application                      0x20000004   Data           4  iap.o(.data)
    rx_index                                 0x20000008   Data           2  usart1.o(.data)
    is_rece_stop                             0x2000000a   Data           1  usart1.o(.data)
    is_rece_head                             0x2000000b   Data           1  usart1.o(.data)
    data_len                                 0x2000000c   Data           2  usart1.o(.data)
    file_download_complete                   0x2000000e   Data           1  usart1.o(.data)
    rece_buff                                0x20000024   Data        2052  usart1.o(.bss)
    __initial_sp                             0x20000c28   Data           0  startup_stm32f10x_hd.o(STACK)



==============================================================================

Memory Map of the image

  Image Entry point : 0x08000131

  Load Region LR_IROM1 (Base: 0x08000000, Size: 0x00000d3c, Max: 0x00004000, ABSOLUTE)

    Execution Region ER_IROM1 (Base: 0x08000000, Size: 0x00000d18, Max: 0x00004000, ABSOLUTE)

    Base Addr    Size         Type   Attr      Idx    E Section Name        Object

    0x08000000   0x00000130   Data   RO         1150    RESET               startup_stm32f10x_hd.o
    0x08000130   0x00000000   Code   RO         1201  * .ARM.Collect$$$$00000000  mc_w.l(entry.o)
    0x08000130   0x00000004   Code   RO         1204    .ARM.Collect$$$$00000001  mc_w.l(entry2.o)
    0x08000134   0x00000004   Code   RO         1207    .ARM.Collect$$$$00000004  mc_w.l(entry5.o)
    0x08000138   0x00000000   Code   RO         1209    .ARM.Collect$$$$00000008  mc_w.l(entry7b.o)
    0x08000138   0x00000000   Code   RO         1211    .ARM.Collect$$$$0000000A  mc_w.l(entry8b.o)
    0x08000138   0x00000008   Code   RO         1212    .ARM.Collect$$$$0000000B  mc_w.l(entry9a.o)
    0x08000140   0x00000000   Code   RO         1214    .ARM.Collect$$$$0000000D  mc_w.l(entry10a.o)
    0x08000140   0x00000000   Code   RO         1216    .ARM.Collect$$$$0000000F  mc_w.l(entry11a.o)
    0x08000140   0x00000004   Code   RO         1205    .ARM.Collect$$$$00002712  mc_w.l(entry2.o)
    0x08000144   0x00000024   Code   RO         1151    .text               startup_stm32f10x_hd.o
    0x08000168   0x00000024   Code   RO         1218    .text               mc_w.l(init.o)
    0x0800018c   0x0000004c   Code   RO          440    i.FLASH_ErasePage   stm32f10x_flash.o
    0x080001d8   0x00000034   Code   RO          441    i.FLASH_GetBank1Status  stm32f10x_flash.o
    0x0800020c   0x00000014   Code   RO          450    i.FLASH_Lock        stm32f10x_flash.o
    0x08000220   0x00000040   Code   RO          453    i.FLASH_ProgramHalfWord  stm32f10x_flash.o
    0x08000260   0x00000018   Code   RO          458    i.FLASH_Unlock      stm32f10x_flash.o
    0x08000278   0x00000026   Code   RO          462    i.FLASH_WaitForLastOperation  stm32f10x_flash.o
    0x0800029e   0x00000116   Code   RO          627    i.GPIO_Init         stm32f10x_gpio.o
    0x080003b4   0x00000024   Code   RO          103    i.IAP_RESET         iap.o
    0x080003d8   0x00000030   Code   RO          175    i.LOG               usart1.o
    0x08000408   0x0000003c   Code   RO          176    i.LOG_SHORT         usart1.o
    0x08000444   0x00000070   Code   RO          321    i.NVIC_Init         misc.o
    0x080004b4   0x00000014   Code   RO          322    i.NVIC_PriorityGroupConfig  misc.o
    0x080004c8   0x00000014   Code   RO          323    i.NVIC_SetVectorTable  misc.o
    0x080004dc   0x00000020   Code   RO          751    i.RCC_APB2PeriphClockCmd  stm32f10x_rcc.o
    0x080004fc   0x000000d4   Code   RO          759    i.RCC_GetClocksFreq  stm32f10x_rcc.o
    0x080005d0   0x00000008   Code   RO         1158    i.SetSysClock       system_stm32f10x.o
    0x080005d8   0x000000e0   Code   RO         1159    i.SetSysClockTo72   system_stm32f10x.o
    0x080006b8   0x00000060   Code   RO         1161    i.SystemInit        system_stm32f10x.o
    0x08000718   0x0000012c   Code   RO          178    i.USART1_IRQHandler  usart1.o
    0x08000844   0x000000bc   Code   RO          179    i.USART1_init       usart1.o
    0x08000900   0x00000012   Code   RO          959    i.USART_ClearFlag   stm32f10x_usart.o
    0x08000912   0x0000001e   Code   RO          960    i.USART_ClearITPendingBit  stm32f10x_usart.o
    0x08000930   0x00000018   Code   RO          963    i.USART_Cmd         stm32f10x_usart.o
    0x08000948   0x0000001a   Code   RO          966    i.USART_GetFlagStatus  stm32f10x_usart.o
    0x08000962   0x00000054   Code   RO          967    i.USART_GetITStatus  stm32f10x_usart.o
    0x080009b6   0x0000004a   Code   RO          969    i.USART_ITConfig    stm32f10x_usart.o
    0x08000a00   0x000000d8   Code   RO          970    i.USART_Init        stm32f10x_usart.o
    0x08000ad8   0x0000000a   Code   RO          977    i.USART_ReceiveData  stm32f10x_usart.o
    0x08000ae2   0x00000008   Code   RO          980    i.USART_SendData    stm32f10x_usart.o
    0x08000aea   0x0000000e   Code   RO         1222    i.__scatterload_copy  mc_w.l(handlers.o)
    0x08000af8   0x00000002   Code   RO         1223    i.__scatterload_null  mc_w.l(handlers.o)
    0x08000afa   0x0000000e   Code   RO         1224    i.__scatterload_zeroinit  mc_w.l(handlers.o)
    0x08000b08   0x00000008   Code   RO          181    i.get_USART1_RECE_BUFF  usart1.o
    0x08000b10   0x00000008   Code   RO          182    i.get_USART1_rece_complete  usart1.o
    0x08000b18   0x00000008   Code   RO          184    i.get_file_download_complete  usart1.o
    0x08000b20   0x00000028   Code   RO          104    i.listener_USART1_data  iap.o
    0x08000b48   0x00000050   Code   RO            1    i.main              mian.o
    0x08000b98   0x00000006   Code   RO          267    i.read_falsh_halfword  flash.o
    0x08000b9e   0x00000002   PAD
    0x08000ba0   0x00000018   Code   RO          105    i.rece_ack          iap.o
    0x08000bb8   0x00000034   Code   RO          185    i.send_data         usart1.o
    0x08000bec   0x0000003c   Code   RO          107    i.start_app         iap.o
    0x08000c28   0x00000094   Code   RO          108    i.wirte_flash       iap.o
    0x08000cbc   0x0000003c   Code   RO          271    i.write_flash_short_data  flash.o
    0x08000cf8   0x00000020   Data   RO         1220    Region$$Table       anon$$obj.o


    Execution Region RW_IRAM1 (Base: 0x20000000, Size: 0x00000c28, Max: 0x0000c000, ABSOLUTE)

    Base Addr    Size         Type   Attr      Idx    E Section Name        Object

    0x20000000   0x00000008   Data   RW          109    .data               iap.o
    0x20000008   0x00000007   Data   RW          187    .data               usart1.o
    0x2000000f   0x00000014   Data   RW          779    .data               stm32f10x_rcc.o
    0x20000023   0x00000001   PAD
    0x20000024   0x00000804   Zero   RW          186    .bss                usart1.o
    0x20000828   0x00000400   Zero   RW         1148    STACK               startup_stm32f10x_hd.o


==============================================================================

Image component sizes


      Code (inc. data)   RO Data    RW Data    ZI Data      Debug   Object Name

        66          0          0          0          0       1151   flash.o
       308         36          0          8          0       6045   iap.o
        80         20          0          0          0        340   mian.o
       152         30          0          0          0       2261   misc.o
        36          8        304          0       1024        792   startup_stm32f10x_hd.o
       274         30          0          0          0       3634   stm32f10x_flash.o
       278          0          0          0          0       2080   stm32f10x_gpio.o
       244         26          0         20          0       4001   stm32f10x_rcc.o
       490          6          0          0          0       7753   stm32f10x_usart.o
       328         28          0          0          0       1889   system_stm32f10x.o
       672         68          0          7       2052       4594   usart1.o
         0          0          0          0          0     239460   utils.o

    ----------------------------------------------------------------------
      2930        252        336         36       3076     274000   Object Totals
         0          0         32          0          0          0   (incl. Generated)
         2          0          0          1          0          0   (incl. Padding)

    ----------------------------------------------------------------------

      Code (inc. data)   RO Data    RW Data    ZI Data      Debug   Library Member Name

         0          0          0          0          0          0   entry.o
         0          0          0          0          0          0   entry10a.o
         0          0          0          0          0          0   entry11a.o
         8          4          0          0          0          0   entry2.o
         4          0          0          0          0          0   entry5.o
         0          0          0          0          0          0   entry7b.o
         0          0          0          0          0          0   entry8b.o
         8          4          0          0          0          0   entry9a.o
        30          0          0          0          0          0   handlers.o
        36          8          0          0          0         68   init.o

    ----------------------------------------------------------------------
        86         16          0          0          0         68   Library Totals
         0          0          0          0          0          0   (incl. Padding)

    ----------------------------------------------------------------------

      Code (inc. data)   RO Data    RW Data    ZI Data      Debug   Library Name

        86         16          0          0          0         68   mc_w.l

    ----------------------------------------------------------------------
        86         16          0          0          0         68   Library Totals

    ----------------------------------------------------------------------

==============================================================================


      Code (inc. data)   RO Data    RW Data    ZI Data      Debug   

      3016        268        336         36       3076     272348   Grand Totals
      3016        268        336         36       3076     272348   ELF Image Totals
      3016        268        336         36          0          0   ROM Totals

==============================================================================

    Total RO  Size (Code + RO Data)                 3352 (   3.27kB)
    Total RW  Size (RW Data + ZI Data)              3112 (   3.04kB)
    Total ROM Size (Code + RO Data + RW Data)       3388 (   3.31kB)

==============================================================================

